Esto es una prueba... luego voy a ignorar